Mon Jun  1 18:25:33 UTC 2026
$PROBLEM Base one-compartment oral absorption model created from pharos see run103_metadata.json for details.

$INPUT ID TIME EVID AMT CMT DV MDV WT SEX

$DATA /data/user-homes/matthews/Packages/hyperion/inst/extdata/data/derived/onecmpt-oral-30ind.csv IGNORE=@

$SUBROUTINES ADVAN4 TRANS4

$PK
; Typical values
TVCL = THETA(1)
TVV2  = THETA(2)
TVKA = THETA(3)
TVV3 = THETA(4)
TVQ = THETA(5)

; Individual parameters
CL = TVCL * EXP(ETA(1))
V2  = TVV2  * EXP(ETA(2))
KA = TVKA * EXP(ETA(3))
V3 = TVV3
Q = TVQ


; NONMEM scaling
S2 = V2

$ERROR
; Proportional + additive error model (matches mrgsolve)
IPRED = F
Y = IPRED * (1 + EPS(1)) + EPS(2)

$THETA
(0, 1.219137)     ;TVCL (L/hr)
(0, 38.17552)    ;TVV (L)
(0, 1.330243)     ;TVKA (1/hr)
(0, 10)           ;TVV2 (L)
(0, 1.2)          ;TVQ (L/hr)

$OMEGA BLOCK(2)
0.122       ;OM1 TVCL :EXP
0.074543    ;OM1,2 TVCL,TVV :EXP
0.124       ;OM2 TVV :EXP
$OMEGA
0.122       ;OM3 TVKA :EXP

$SIGMA
0.0375371    ;SIG1 Proportional error (variance, 20% CV)
0.00527      ;SIG2 Additive error (variance, 0.01 mg/L SD)


$ESTIMATION METHOD=1 INTERACTION MAXEVAL=9999 PRINT=5 MSFO=run103.msf
$COV PRINT=E MATRIX = R

$TABLE ID TIME DV PRED IPRED CWRES NPDE NOAPPEND NOPRINT ONEHEADER FILE=run103.tab
$TABLE ID CL V2 KA V3 Q ETAS(1:LAST) NOAPPEND NOPRINT ONEHEADER FIRSTONLY FILE=run103par.tab

NM-TRAN MESSAGES
  
 WARNINGS AND ERRORS (IF ANY) FOR PROBLEM    1
             
 (WARNING  2) NM-TRAN INFERS THAT THE DATA ARE POPULATION.

 LIM VALUES MAXLIM ASSESSED BY NMTRAN: 1,2,3,4,5,6,7,8,10,11,13,15,16        
  
Note: Analytical 2nd Derivatives are constructed in FSUBS but are never used.
      You may insert $ABBR DERIV2=NO after the first $PROB to save FSUBS construction and compilation time
  

License Registered to: A2 Ai LLC
Expiration Date:    14 FEB 2027
Current Date:        1 JUN 2026
Days until program expires : 258
1NONLINEAR MIXED EFFECTS MODEL PROGRAM (NONMEM) VERSION 7.6.0 (nm760)
 ORIGINALLY DEVELOPED BY STUART BEAL, LEWIS SHEINER, AND ALISON BOECKMANN
 CURRENT DEVELOPERS ARE ROBERT BAUER, ICON DEVELOPMENT SOLUTIONS,
 AND ALISON BOECKMANN. IMPLEMENTATION, EFFICIENCY, AND STANDARDIZATION
 PERFORMED BY NOUS INFOSYSTEMS.

 PROBLEM NO.:         1
 Base one-compartment oral absorption model created from pharos see run10
0DATA CHECKOUT RUN:              NO
 DATA SET LOCATED ON UNIT NO.:    2
 THIS UNIT TO BE REWOUND:        NO
 CREATE/ADD TO FDATA.csv:        YES
 NO. OF DATA RECS IN DATA SET:      240
 NO. OF DATA ITEMS IN DATA SET:   9
 ID DATA ITEM IS DATA ITEM NO.:   1
 DEP VARIABLE IS DATA ITEM NO.:   6
 MDV DATA ITEM IS DATA ITEM NO.:  7
0INDICES PASSED TO SUBROUTINE PRED:
   3   2   4   0   0   0   5   0   0   0   0
0LABELS FOR DATA ITEMS:
 ID TIME EVID AMT CMT DV MDV WT SEX
0(NONBLANK) LABELS FOR PRED-DEFINED ITEMS:
 CL V2 KA V3 Q IPRED
0FORMAT FOR DATA:
 (9E5.0)

 TOT. NO. OF OBS RECS:      210
 TOT. NO. OF INDIVIDUALS:       30
0LENGTH OF THETA:   5
0DEFAULT THETA BOUNDARY TEST OMITTED:    NO
0OMEGA HAS BLOCK FORM:
  1
  1  1
  0  0  2
0DEFAULT OMEGA BOUNDARY TEST OMITTED:    NO
0SIGMA HAS SIMPLE DIAGONAL FORM WITH DIMENSION:   2
0DEFAULT SIGMA BOUNDARY TEST OMITTED:    NO
0INITIAL ESTIMATE OF THETA:
 LOWER BOUND    INITIAL EST    UPPER BOUND
  0.0000E+00     0.1219E+01     0.1000E+07
  0.0000E+00     0.3818E+02     0.1000E+07
  0.0000E+00     0.1330E+01     0.1000E+07
  0.0000E+00     0.1000E+02     0.1000E+07
  0.0000E+00     0.1200E+01     0.1000E+07
0INITIAL ESTIMATE OF OMEGA:
 BLOCK SET NO.   BLOCK                                                                    FIXED
        1                                                                                   NO
                  0.1220E+00
                  0.7454E-01   0.1240E+00
        2                                                                                   NO
                  0.1220E+00
0INITIAL ESTIMATE OF SIGMA:
 0.3754E-01
 0.0000E+00   0.5270E-02
0COVARIANCE STEP OMITTED:        NO
 R MATRIX SUBSTITUTED:          YES
 S MATRIX SUBSTITUTED:           NO
 EIGENVLS. PRINTED:             YES
 COMPRESSED FORMAT:              NO
 GRADIENT METHOD USED:     NOSLOW
 SIGDIGITS ETAHAT (SIGLO):                  -1
 SIGDIGITS GRADIENTS (SIGL):                -1
 EXCLUDE COV FOR FOCE (NOFCOV):              NO
 Cholesky Transposition of R Matrix (CHOLROFF):0
 KNUTHSUMOFF:                                -1
 RESUME COV ANALYSIS (RESUME):               NO
 SIR SAMPLE SIZE (SIRSAMPLE):
 NON-LINEARLY TRANSFORM THETAS DURING COV (THBND): 1
 PRECONDTIONING CYCLES (PRECOND):        0
 PRECONDTIONING TYPES (PRECONDS):        TOS
 FORCED PRECONDTIONING CYCLES (PFCOND):0
 PRECONDTIONING TYPE (PRETYPE):        0
 FORCED POS. DEFINITE SETTING DURING PRECONDITIONING: (FPOSDEF):0
 SIMPLE POS. DEFINITE SETTING: (POSDEF):-1
0TABLES STEP OMITTED:    NO
 NO. OF TABLES:           2
 SEED NUMBER (SEED):    11456
 NPDTYPE:    0
 INTERPTYPE:    0
 RANMETHOD:             3U
 MC SAMPLES (ESAMPLE):    300
 WRES SQUARE ROOT TYPE (WRESCHOL): EIGENVALUE
0-- TABLE   1 --
0RECORDS ONLY:    ALL
04 COLUMNS APPENDED:    NO
 PRINTED:                NO
 HEADER:                YES
 FILE TO BE FORWARDED:   NO
 FORMAT:                S1PE11.4
 IDFORMAT:
 LFORMAT:
 RFORMAT:
 FIXED_EFFECT_ETAS:
0USER-CHOSEN ITEMS:
 ID TIME DV PRED IPRED CWRES NPDE
0-- TABLE   2 --
0RECORDS ONLY:    FIRSTONLY
04 COLUMNS APPENDED:    NO
 PRINTED:                NO
 HEADER:                YES
 FILE TO BE FORWARDED:   NO
 FORMAT:                S1PE11.4
 IDFORMAT:
 LFORMAT:
 RFORMAT:
 FIXED_EFFECT_ETAS:
0USER-CHOSEN ITEMS:
 ID CL V2 KA V3 Q ETA1 ETA2 ETA3
1DOUBLE PRECISION PREDPP VERSION 7.6.0 (nm760)

 TWO COMPARTMENT MODEL WITH FIRST-ORDER ABSORPTION (ADVAN4)
0MAXIMUM NO. OF BASIC PK PARAMETERS:   5
0BASIC PK PARAMETERS (AFTER TRANSLATION):
   BASIC PK PARAMETER NO.  1: ELIMINATION RATE (K)
   BASIC PK PARAMETER NO.  2: CENTRAL-TO-PERIPH. RATE (K23)
   BASIC PK PARAMETER NO.  3: PERIPH.-TO-CENTRAL RATE (K32)
   BASIC PK PARAMETER NO.  5: ABSORPTION RATE (KA)
 TRANSLATOR WILL CONVERT PARAMETERS
 CL, V2, Q, V3 TO K, K23, K32 (TRANS4)
0COMPARTMENT ATTRIBUTES
 COMPT. NO.   FUNCTION   INITIAL    ON/OFF      DOSE      DEFAULT    DEFAULT
                         STATUS     ALLOWED    ALLOWED    FOR DOSE   FOR OBS.
    1         DEPOT        OFF        YES        YES        YES        NO
    2         CENTRAL      ON         NO         YES        NO         YES
    3         PERIPH.      ON         NO         YES        NO         NO
    4         OUTPUT       OFF        YES        NO         NO         NO
1
 ADDITIONAL PK PARAMETERS - ASSIGNMENT OF ROWS IN GG
 COMPT. NO.                             INDICES
              SCALE      BIOAVAIL.   ZERO-ORDER  ZERO-ORDER  ABSORB
                         FRACTION    RATE        DURATION    LAG
    1            *           *           *           *           *
    2            6           *           *           *           *
    3            *           *           *           *           *
    4            *           -           -           -           -
             - PARAMETER IS NOT ALLOWED FOR THIS MODEL
             * PARAMETER IS NOT SUPPLIED BY PK SUBROUTINE;
               WILL DEFAULT TO ONE IF APPLICABLE
0DATA ITEM INDICES USED BY PRED ARE:
   EVENT ID DATA ITEM IS DATA ITEM NO.:      3
   TIME DATA ITEM IS DATA ITEM NO.:          2
   DOSE AMOUNT DATA ITEM IS DATA ITEM NO.:   4
   COMPT. NO. DATA ITEM IS DATA ITEM NO.:    5

0PK SUBROUTINE CALLED WITH EVERY EVENT RECORD.
 PK SUBROUTINE NOT CALLED AT NONEVENT (ADDITIONAL OR LAGGED) DOSE TIMES.
0ERROR SUBROUTINE CALLED WITH EVERY EVENT RECORD.
1


 #TBLN:      1
 #METH: First Order Conditional Estimation with Interaction

 ESTIMATION STEP OMITTED:                 NO
 SHRINK INFO WITH EVALUATION (EVALSHRINK) NO
 ANALYSIS TYPE:                           POPULATION
 NUMBER OF SADDLE POINT RESET ITERATIONS:      0
 GRADIENT METHOD USED:               NOSLOW
 CONDITIONAL ESTIMATES USED:              YES
 CENTERED ETA:                            NO
 EPS-ETA INTERACTION:                     YES
 LAPLACIAN OBJ. FUNC.:                    NO
 NO. OF FUNCT. EVALS. ALLOWED:            9999
 NO. OF SIG. FIGURES REQUIRED:            3
 INTERMEDIATE PRINTOUT:                   YES
 ESTIMATE OUTPUT TO MSF:                  YES
 IND. OBJ. FUNC. VALUES SORTED:           NO
 NUMERICAL DERIVATIVE
       FILE REQUEST (NUMDER):               NONE
 MAP (ETAHAT) ESTIMATION METHOD (OPTMAP):   0
 ETA HESSIAN EVALUATION METHOD (ETADER):    0
 INITIAL ETA FOR MAP ESTIMATION (MCETA):    0
 SIGDIGITS FOR MAP ESTIMATION (SIGLO):      100
 GRADIENT SIGDIGITS OF
       FIXED EFFECTS PARAMETERS (SIGL):     100
 NOPRIOR SETTING (NOPRIOR):                 0
 NOCOV SETTING (NOCOV):                     OFF
 DERCONT SETTING (DERCONT):                 OFF
 FINAL ETA RE-EVALUATION (FNLETA):          1
 EXCLUDE NON-INFLUENTIAL (NON-INFL.) ETAS
       IN SHRINKAGE (ETASTYPE):             NO
 NON-INFL. ETA CORRECTION (NONINFETA):      0
 RAW OUTPUT FILE (FILE): run103.ext
 EXCLUDE TITLE (NOTITLE):                   NO
 EXCLUDE COLUMN LABELS (NOLABEL):           NO
 FORMAT FOR ADDITIONAL FILES (FORMAT):      S1PE12.5
 PARAMETER ORDER FOR OUTPUTS (ORDER):       TSOL
 KNUTHSUMOFF:                               0
 INCLUDE LNTWOPI:                           NO
 INCLUDE CONSTANT TERM TO PRIOR (PRIORC):   NO
 INCLUDE CONSTANT TERM TO OMEGA (ETA) (OLNTWOPI):NO
 ADDITIONAL CONVERGENCE TEST (CTYPE=4)?:    NO
 EM OR BAYESIAN METHOD USED:                 NONE


 THE FOLLOWING LABELS ARE EQUIVALENT
 PRED=PREDI
 RES=RESI
 WRES=WRESI
 IWRS=IWRESI
 IPRD=IPREDI
 IRS=IRESI

 MONITORING OF SEARCH:


0ITERATION NO.:    0    OBJECTIVE VALUE:  -79.7514008377716        NO. OF FUNC. EVALS.:   9
 CUMULATIVE NO. OF FUNC. EVALS.:        9
 NPARAMETR:  1.2191E+00  3.8176E+01  1.3302E+00  1.0000E+01  1.2000E+00  1.2200E-01  7.4543E-02  1.2400E-01  1.2200E-01  3.7537E-02
             5.2700E-03
 PARAMETER:  1.0000E-01  1.0000E-01  1.0000E-01  1.0000E-01  1.0000E-01  1.0000E-01  1.0000E-01  1.0000E-01  1.0000E-01  1.0000E-01
             1.0000E-01
 GRADIENT:   6.1263E+01 -2.0539E+01  7.7738E+01  2.8834E+01  2.0576E+01 -1.7625E+01 -3.0692E+01  4.3283E-01 -1.8811E+01 -4.2998E+01
            -1.6506E+00

0ITERATION NO.:    5    OBJECTIVE VALUE:  -95.5230560074948        NO. OF FUNC. EVALS.:  52
 CUMULATIVE NO. OF FUNC. EVALS.:       61
 NPARAMETR:  1.2440E+00  3.7703E+01  1.2180E+00  8.4207E+00  6.7160E-01  1.7153E-01  6.0870E-02  9.3106E-02  1.8013E-01  3.8647E-02
             5.4659E-03
 PARAMETER:  1.2020E-01  8.7553E-02  1.1828E-02 -7.1893E-02 -4.8042E-01  2.7038E-01  6.8866E-02  5.3633E-02  2.9482E-01  1.1457E-01
             1.1825E-01
 GRADIENT:   3.9089E+01 -2.7187E+01  2.5614E+01  6.5079E+00  1.1985E+01 -1.5163E+00 -1.0883E+02 -1.0261E+01  7.2338E+00 -6.8572E+00
             3.1642E-01

0ITERATION NO.:   10    OBJECTIVE VALUE:  -106.786324603032        NO. OF FUNC. EVALS.:  50
 CUMULATIVE NO. OF FUNC. EVALS.:      111
 NPARAMETR:  1.1719E+00  4.2424E+01  1.2810E+00  1.2925E+01  1.2269E-01  1.3077E-01  6.3640E-02  1.0087E-01  1.7359E-01  3.4765E-02
             6.4891E-03
 PARAMETER:  6.0478E-02  2.0552E-01  6.2284E-02  3.5655E-01 -2.1804E+00  1.3470E-01  8.2461E-02  4.2298E-02  2.7633E-01  6.1643E-02
             2.0404E-01
 GRADIENT:  -1.1155E+01  3.0436E+01  4.8276E+00 -4.6962E-01 -6.9652E-02 -1.5591E+00 -5.1956E+01 -9.5627E+00  7.1972E+00 -1.8056E+01
            -1.1130E+00

0ITERATION NO.:   15    OBJECTIVE VALUE:  -109.714716173703        NO. OF FUNC. EVALS.:  52
 CUMULATIVE NO. OF FUNC. EVALS.:      163
 NPARAMETR:  1.2452E+00  3.9856E+01  1.2101E+00  1.6481E+01  7.9438E-02  1.4196E-01  8.1579E-02  1.2765E-01  1.1916E-01  3.7604E-02
             5.1749E-03
 PARAMETER:  1.2115E-01  1.4307E-01  5.3819E-03  5.9964E-01 -2.6151E+00  1.7575E-01  1.0146E-01  1.1456E-01  8.8219E-02  1.0089E-01
             9.0895E-02
 GRADIENT:   5.4293E-01 -2.6086E+00  6.8457E-01 -8.9154E-02  1.6937E-01  6.7954E-01  3.8465E+00  9.3426E-01 -5.3226E-01  4.8243E-01
             2.5535E-02

0ITERATION NO.:   20    OBJECTIVE VALUE:  -109.823712740653        NO. OF FUNC. EVALS.:  50
 CUMULATIVE NO. OF FUNC. EVALS.:      213
 NPARAMETR:  1.2950E+00  4.0082E+01  1.2107E+00  2.9429E+01  2.8299E-02  1.2714E-01  7.6387E-02  1.2390E-01  1.2239E-01  3.7532E-02
             5.3636E-03
 PARAMETER:  1.6033E-01  1.4874E-01  5.8345E-03  1.1794E+00 -3.6472E+00  1.2063E-01  1.0038E-01  9.7144E-02  1.0159E-01  9.9935E-02
             1.0880E-01
 GRADIENT:  -1.0591E-01 -9.8296E-02  3.4812E-03 -7.0310E-03  6.7982E-03 -8.0228E-02  3.6946E-01 -5.5679E-02 -4.3166E-02  2.1207E-01
             2.4755E-02

0ITERATION NO.:   25    OBJECTIVE VALUE:  -109.827266666730        NO. OF FUNC. EVALS.:  50
 CUMULATIVE NO. OF FUNC. EVALS.:      263
 NPARAMETR:  1.3079E+00  4.0098E+01  1.2108E+00  4.1749E+01  1.6122E-02  1.2526E-01  7.5514E-02  1.2392E-01  1.2246E-01  3.7518E-02
             5.2860E-03
 PARAMETER:  1.7028E-01  1.4913E-01  5.9464E-03  1.5291E+00 -4.2099E+00  1.1319E-01  9.9975E-02  9.9623E-02  1.0188E-01  9.9740E-02
             1.0151E-01
 GRADIENT:   5.2802E-02 -1.6298E-02 -7.6177E-03 -1.6271E-03 -2.6594E-04 -1.1628E-02 -4.7220E-03  5.7953E-03 -4.5083E-03  1.5234E-03
             1.6102E-03

0ITERATION NO.:   30    OBJECTIVE VALUE:  -109.827835185562        NO. OF FUNC. EVALS.: 108
 CUMULATIVE NO. OF FUNC. EVALS.:      371
 NPARAMETR:  1.3108E+00  4.0161E+01  1.2117E+00  4.5485E+01  1.4107E-02  1.2498E-01  7.5408E-02  1.2391E-01  1.2248E-01  3.7538E-02
             5.2684E-03
 PARAMETER:  1.7247E-01  1.5070E-01  6.6472E-03  1.6148E+00 -4.3434E+00  1.1207E-01  9.9947E-02  9.9749E-02  1.0195E-01  1.0001E-01
             9.9851E-02
 GRADIENT:  -2.6039E-03 -6.3388E-03  1.0877E-03 -1.1501E-03 -7.9699E-04  2.0062E-03  1.6203E-02  5.2190E-04 -7.2210E-04 -1.2079E-04
            -8.2914E-05

0ITERATION NO.:   35    OBJECTIVE VALUE:  -109.831533346867        NO. OF FUNC. EVALS.:  69
 CUMULATIVE NO. OF FUNC. EVALS.:      440
 NPARAMETR:  1.2933E+00  4.0080E+01  1.2103E+00  5.6691E+04  3.0864E-02  1.2814E-01  7.6455E-02  1.2386E-01  1.2253E-01  3.7533E-02
             5.2515E-03
 PARAMETER:  1.5905E-01  1.4867E-01  5.5394E-03  8.7428E+00 -3.5605E+00  1.2454E-01  1.0008E-01  9.8654E-02  1.0216E-01  9.9945E-02
             9.8242E-02
 GRADIENT:   2.7132E-01 -2.7266E-01 -1.4905E-02 -4.3608E-06 -5.4127E-05 -6.6428E-03 -1.0759E-01 -4.1677E-03 -5.8267E-04  3.3380E-02
             5.4206E-05

0ITERATION NO.:   40    OBJECTIVE VALUE:  -109.839517348246        NO. OF FUNC. EVALS.:  53
 CUMULATIVE NO. OF FUNC. EVALS.:      493
 NPARAMETR:  1.2421E+00  4.0123E+01  1.2113E+00  2.1158E+12  8.1044E-02  1.3753E-01  7.9433E-02  1.2409E-01  1.2286E-01  3.7497E-02
             5.2862E-03
 PARAMETER:  1.1865E-01  1.4974E-01  6.3721E-03  2.6178E+01 -2.5951E+00  1.5993E-01  1.0036E-01  9.8467E-02  1.0351E-01  9.9461E-02
             1.0154E-01
 GRADIENT:   4.9751E-01  5.2237E-02  2.1916E-01  4.3429E-12  4.0957E-02 -2.0972E-01  3.2877E-02  5.4050E-02 -4.2365E-02 -1.5881E-01
            -4.7799E-03

0ITERATION NO.:   45    OBJECTIVE VALUE:  -109.841953348820        NO. OF FUNC. EVALS.:  54
 CUMULATIVE NO. OF FUNC. EVALS.:      547
 NPARAMETR:  1.2233E+00  4.0112E+01  1.2111E+00  1.9900E+15  9.7704E-02  1.4238E-01  8.0914E-02  1.2409E-01  1.2294E-01  3.7515E-02
             5.2786E-03
 PARAMETER:  1.0341E-01  1.4948E-01  6.1414E-03  3.3024E+01 -2.4081E+00  1.7725E-01  1.0048E-01  9.7803E-02  1.0384E-01  9.9711E-02
             1.0082E-01
 GRADIENT:   1.8374E-01  7.3548E-02  8.2899E-02  1.7213E-12  1.2554E-02 -7.6054E-03 -4.7168E-02  1.3854E-02 -4.5858E-03  6.6694E-03
             5.9357E-03
0PRED EXIT CODE = 1
0INDIVIDUAL NO.       1   ID= 1.00000000000000E+00   (WITHIN-INDIVIDUAL) DATA REC NO.   2
 THETA=
  1.21E+00   4.01E+01   1.21E+00   7.68E+16   1.06E-01
 OCCURS DURING SEARCH FOR ETA AT INITIAL VALUE, ETA=0
 A ROOT OF THE CHARACTERISTIC EQUATION IS ZERO BECAUSE                                                                               
 K*K32 IS MUCH SMALLER THAN  (K+K23+K32)**2.                                                                                         
 PERHAPS K OR K32 IS VERY SMALL, OR K23 IS VERY LARGE.                                                                               
0PROGRAM TERMINATED BY OBJ
 MESSAGE ISSUED FROM ESTIMATION STEP

 #TERM:
  
 TOTAL DATA POINTS NORMALLY DISTRIBUTED (N):            0
 N*LOG(2PI) CONSTANT TO OBJECTIVE FUNCTION:    0.0000000000000000     
 OBJECTIVE FUNCTION VALUE WITHOUT CONSTANT:   -109.84215729248636     
 OBJECTIVE FUNCTION VALUE WITH CONSTANT:      -109.84215729248636     
 REPORTED OBJECTIVE FUNCTION DOES NOT CONTAIN CONSTANT
  
 TOTAL EFFECTIVE ETAS (NIND*NETA):                             0
  
 #TERE:
 Elapsed estimation  time in seconds:     0.88
1THERE ARE ERROR MESSAGES IN FILE PRDERR                                                                  
 #CPUT: Total CPU Time in Seconds,        0.894
Stop Time:
Mon Jun  1 18:25:46 UTC 2026
